
$ mkdir git_lessons

$ mkdir usingcommands

$ rm usingscommands
rm: cannot remove 'usingscommands': No such file or directory

$ ls
CSS/  git_lessons/  HTML/  jquery/  nextsteps/  README.md  usingcommands/

$ rm usingcommands
rm: cannot remove 'usingcommands': Is a directory

$ rm -f usingcommands
rm: cannot remove 'usingcommands': Is a directory

$ rm -rf usingcommands

$ ls
CSS/  git_lessons/  HTML/  jquery/  nextsteps/  README.md

$ cd git_lessons

$ mkdir usingcommands

$ cd usingcommands

$ mkdir test

$ cd test

$ touch index.htmol

$ ls
index.htmol

$ rm index.htmol

$ touch index.html

$ touch styles.css

$ touch commands.txt

$ ls
commands.txt  index.html  styles.css

$ mv index.html index_2.html

$ ls
commands.txt  index_2.html  styles.css

$ mv help
mv: missing destination file operand after 'help'
Try 'mv --help' for more information.

$ mv --help
Usage: mv [OPTION]... [-T] SOURCE DEST
  or:  mv [OPTION]... SOURCE... DIRECTORY
  or:  mv [OPTION]... -t DIRECTORY SOURCE...
Rename SOURCE to DEST, or move SOURCE(s) to DIRECTORY.

Mandatory arguments to long options are mandatory for short options too.
      --backup[=CONTROL]       make a backup of each existing destination file
  -b                           like --backup but does not accept an argument
  -f, --force                  do not prompt before overwriting
  -i, --interactive            prompt before overwrite
  -n, --no-clobber             do not overwrite an existing file
If you specify more than one of -i, -f, -n, only the final one takes effect.
      --strip-trailing-slashes  remove any trailing slashes from each SOURCE
                                 argument
  -S, --suffix=SUFFIX          override the usual backup suffix
  -t, --target-directory=DIRECTORY  move all SOURCE arguments into DIRECTORY
  -T, --no-target-directory    treat DEST as a normal file
  -u, --update                 move only when the SOURCE file is newer
                                 than the destination file or when the
                                 destination file is missing
  -v, --verbose                explain what is being done
  -Z, --context                set SELinux security context of destination
                                 file to default type
      --help     display this help and exit
      --version  output version information and exit

The backup suffix is '~', unless set with --suffix or SIMPLE_BACKUP_SUFFIX.
The version control method may be selected via the --backup option or through
the VERSION_CONTROL environment variable.  Here are the values:

  none, off       never make backups (even if --backup is given)
  numbered, t     make numbered backups
  existing, nil   numbered if numbered backups exist, simple otherwise
  simple, never   always make simple backups

GNU coreutils online help: <http://www.gnu.org/software/coreutils/>
Full documentation at: <http://www.gnu.org/software/coreutils/mv>
or available locally via: info '(coreutils) mv invocation'

$ mv index_2.html
mv: missing destination file operand after 'index_2.html'
Try 'mv --help' for more information.

$ mv index_2.html index.html

$ ls
commands.txt  index.html  styles.css

$ cp index.html index_2.html

$ ls
commands.txt  index.html  index_2.html  styles.css

$ cd ..

$ mkdir destination

$ mv test/index_2.html destination/index_2.html

$ ls /destination
ls: cannot access '/destination': No such file or directory

$ ls destination
index_2.html

$ rm test/styles.css

$ ls test
commands.txt  index.html

$ ls destination
index_2.html

$ rm -rf destination

$ ls
test/

$ touch commands.txt

$ atom commands.txt
